// Jest Snapshot v1, https://goo.gl/fbAQLP

exports[`FilterButton renders the FilterButton Component correctly 1`] = `
<ContextConsumer>
  <Component />
</ContextConsumer>
`;
